Exercícios de 1 até 14:

➜  ~ docker pull debian:unstable-slim
unstable-slim: Pulling from library/debian
bb67f12293f4: Pull complete 
Digest: sha256:24699aac07f641f2ec4b2ddd71a659a143997d1a62be7c5d46fa7eb6a1be42aa
Status: Downloaded newer image for debian:unstable-slim
docker.io/library/debian:unstable-slim
➜  ~ docker container ls -a                          
CONTAINER ID   IMAGE     COMMAND   CREATED   STATUS    PORTS     NAMES
➜  ~ docker system prune   
WARNING! This will remove:
  - all stopped containers
  - all networks not used by at least one container
  - all dangling images
  - all dangling build cache

Are you sure you want to continue? [y/N] y
Total reclaimed space: 0B
➜  ~ docker pull debian:stable-slim                              
stable-slim: Pulling from library/debian
686b8aaade4d: Pull complete 
Digest: sha256:608a500bd0d397338ec0e8579649985fb2ceb85c07d183b3abaf46d233e1e6eb
Status: Downloaded newer image for debian:stable-slim
docker.io/library/debian:stable-slim
➜  ~ docker container run -it debian:stable-slim     
root@72a14e38b11b:/# cat /etc/*-release
PRETTY_NAME="Debian GNU/Linux 11 (bullseye)"
NAME="Debian GNU/Linux"
VERSION_ID="11"
VERSION="11 (bullseye)"
VERSION_CODENAME=bullseye
ID=debian
HOME_URL="https://www.debian.org/"
SUPPORT_URL="https://www.debian.org/support"
BUG_REPORT_URL="https://bugs.debian.org/"
root@72a14e38b11b:/# exit
exit
➜  ~ docker container ls -a                     
CONTAINER ID   IMAGE                COMMAND   CREATED          STATUS                     PORTS     NAMES
72a14e38b11b   debian:stable-slim   "bash"    51 seconds ago   Exited (0) 8 seconds ago             adoring_sutherland
➜  ~ docker container start 72a14
72a14
➜  ~ docker container attach 72a14
root@72a14e38b11b:/# cat /etc/debian-version
cat: /etc/debian-version: No such file or directory
root@72a14e38b11b:/# cat /etc/debian_version
11.2
root@72a14e38b11b:/# exit
exit
➜  ~ docker container ls -a       
CONTAINER ID   IMAGE                COMMAND   CREATED         STATUS                      PORTS     NAMES
72a14e38b11b   debian:stable-slim   "bash"    3 minutes ago   Exited (0) 23 seconds ago             adoring_sutherland
➜  ~ docker container rm 72a14                  
72a14
➜  ~ docker container ls -a   
CONTAINER ID   IMAGE     COMMAND   CREATED   STATUS    PORTS     NAMES
➜  ~ docker container run -it --rm andrius/ascii-patrol
Unable to find image 'andrius/ascii-patrol:latest' locally
latest: Pulling from andrius/ascii-patrol
1eae7a7426b0: Pull complete 
f1ea7afafcda: Pull complete 
c37ea3632151: Pull complete 
Digest: sha256:2c815b2abfd7116a69d01a5ed1f1b2a3ab3b5eb09c379fcfdd1215ecd657194e
Status: Downloaded newer image for andrius/ascii-patrol:latest
setfont: asciipat.psf: No such file or directory
W=0, H=0
Falling back to X11 input
unable to connect to X11 display
falling back to sticky stdin!
BusyBox v1.27.2 (2017-12-12 10:38:23 GMT) multi-call binary.

Usage: setfont FONT [-m MAPFILE] [-C TTY]

Load a console font

	-m MAPFILE	Load console screen map
	-C TTY		Affect TTY instead of /dev/tty
➜  ~ docker container ls -a                            
CONTAINER ID   IMAGE     COMMAND   CREATED   STATUS    PORTS     NAMES
➜  ~ 


